Γùç injected env (4) from .env // tip: Γîÿ custom filepath { path: '/custom/path/.env' }
DATABASE_URL: file:./dev.db
node.exe : C:\Users\ankit\OneDrive\Deskt
op\major\backend\node_modules\@prisma\cl
ient\src\runtime\utils\validatePrismaCli
entOptions.ts:250
At line:1 char:1
+ & "C:\Program Files\nodejs/node.exe" 
"C:\Program Files\nodejs/node_mo ...
+ ~~~~~~~~~~~~~~~~~~~~~~~~~~~~~~~~~~~~~~
~~~~~~~~~~~~~~~~~~~~~~~~~~~~~~~
    + CategoryInfo          : NotSpecif 
   ied: (C:\Users\ankit\...tOptions.ts  
  :250:String) [], RemoteException
    + FullyQualifiedErrorId : NativeCom 
   mandError
 
    throw new 
PrismaClientConstructorValidationError(
          ^
PrismaClientConstructorValidationError: 
Using engine type "client" requires 
either "adapter" or "accelerateUrl" to 
be provided to PrismaClient constructor.
Read more at 
https://pris.ly/d/client-constructor
    at validateDependentOptions (C:\User
s\ankit\OneDrive\Desktop\major\backend\n
ode_modules\@prisma\client\src\runtime\u
tils\validatePrismaClientOptions.ts:250:
11)
    at validatePrismaClientOptions (C:\U
sers\ankit\OneDrive\Desktop\major\backen
d\node_modules\@prisma\client\src\runtim
e\utils\validatePrismaClientOptions.ts:2
67:3)
    at new t (C:\Users\ankit\OneDrive\De
sktop\major\backend\node_modules\@prisma
\client\src\runtime\getPrismaClient.ts:3
58:7)
    at Object.<anonymous> (C:\Users\anki
t\OneDrive\Desktop\major\backend\test-pr
isma.ts:7:16)
    at Module._compile (node:internal/mo
dules/cjs/loader:1812:14)
    at Module.m._compile (C:\Users\ankit
\OneDrive\Desktop\major\backend\node_mod
ules\ts-node\src\index.ts:1618:23)
    at 
node:internal/modules/cjs/loader:1943:10
    at 
Object.require.extensions.<computed> 
[as .ts] (C:\Users\ankit\OneDrive\Deskto
p\major\backend\node_modules\ts-node\src
\index.ts:1621:12)
    at Module.load (node:internal/module
s/cjs/loader:1533:32)
    at Module._load (node:internal/modul
es/cjs/loader:1335:12)
