src/controllers/NotificationController.ts(10,48): error TS2339: Property 'notification' does not exist on type 'PrismaClient<PrismaClientOptions, never, DefaultArgs>'.
src/controllers/NotificationController.ts(26,47): error TS2339: Property 'notification' does not exist on type 'PrismaClient<PrismaClientOptions, never, DefaultArgs>'.
src/controllers/NotificationController.ts(34,42): error TS2339: Property 'notification' does not exist on type 'PrismaClient<PrismaClientOptions, never, DefaultArgs>'.
src/controllers/NotificationController.ts(49,26): error TS2339: Property 'notification' does not exist on type 'PrismaClient<PrismaClientOptions, never, DefaultArgs>'.
src/controllers/NotificationController.ts(65,47): error TS2339: Property 'notification' does not exist on type 'PrismaClient<PrismaClientOptions, never, DefaultArgs>'.
src/controllers/NotificationController.ts(73,26): error TS2339: Property 'notification' does not exist on type 'PrismaClient<PrismaClientOptions, never, DefaultArgs>'.
src/controllers/NotificationController.ts(92,33): error TS2339: Property 'notification' does not exist on type 'PrismaClient<PrismaClientOptions, never, DefaultArgs>'.
src/controllers/workspace.controller.ts(170,22): error TS2322: Type 'string | string[]' is not assignable to type 'string | undefined'.
  Type 'string[]' is not assignable to type 'string'.
src/controllers/workspace.controller.ts(211,22): error TS2322: Type 'string | string[]' is not assignable to type 'string | undefined'.
  Type 'string[]' is not assignable to type 'string'.
